../Core/Src/main.c:86:6:HAL_CAN_RxFifo0MsgPendingCallback	56	static
../Core/Src/main.c:130:6:HAL_CAN_RxFifo1MsgPendingCallback	56	static
../Core/Src/main.c:151:5:main	48	static
../Core/Src/main.c:228:6:SystemClock_Config	88	static
../Core/Src/main.c:282:13:MX_CAN2_Init	8	static
../Core/Src/main.c:319:13:MX_CAN3_Init	8	static
../Core/Src/main.c:356:13:MX_GPIO_Init	56	static
../Core/Src/main.c:422:6:StartDefaultTask	224	static
../Core/Src/main.c:566:6:HAL_TIM_PeriodElapsedCallback	16	static
../Core/Src/main.c:583:6:Error_Handler	4	static,ignoring_inline_asm
