../Core/Src/main.c:93:6:HAL_CAN_RxFifo0MsgPendingCallback	168	static
../Core/Src/main.c:197:6:HAL_CAN_RxFifo1MsgPendingCallback	16	static
../Core/Src/main.c:215:5:main	48	static
../Core/Src/main.c:292:6:SystemClock_Config	88	static
../Core/Src/main.c:346:13:MX_CAN2_Init	8	static
../Core/Src/main.c:383:13:MX_CAN3_Init	8	static
../Core/Src/main.c:420:13:MX_GPIO_Init	56	static
../Core/Src/main.c:486:6:StartDefaultTask	280	static
../Core/Src/main.c:712:6:HAL_TIM_PeriodElapsedCallback	16	static
../Core/Src/main.c:729:6:Error_Handler	4	static,ignoring_inline_asm
