../Core/Src/main.c:58:6:HAL_CAN_RxFifo0MsgPendingCallback	56	static
../Core/Src/main.c:135:5:main	56	static
../Core/Src/main.c:234:6:SystemClock_Config	88	static
../Core/Src/main.c:282:13:MX_CAN2_Init	8	static
../Core/Src/main.c:319:13:MX_I2C3_Init	8	static
../Core/Src/main.c:353:13:MX_TIM1_Init	96	static
../Core/Src/main.c:432:13:MX_TIM2_Init	48	static
../Core/Src/main.c:485:13:MX_TIM3_Init	48	static
../Core/Src/main.c:538:13:MX_TIM4_Init	32	static
../Core/Src/main.c:583:13:MX_GPIO_Init	48	static
../Core/Src/main.c:662:6:Error_Handler	4	static,ignoring_inline_asm
