../Core/Src/main.c:57:6:HAL_CAN_RxFifo0MsgPendingCallback	56	static
../Core/Src/main.c:98:5:main	88	static
../Core/Src/main.c:190:6:SystemClock_Config	88	static
../Core/Src/main.c:238:13:MX_CAN2_Init	8	static
../Core/Src/main.c:275:13:MX_I2C3_Init	8	static
../Core/Src/main.c:309:13:MX_TIM1_Init	96	static
../Core/Src/main.c:388:13:MX_TIM2_Init	48	static
../Core/Src/main.c:441:13:MX_TIM3_Init	48	static
../Core/Src/main.c:494:13:MX_TIM4_Init	32	static
../Core/Src/main.c:539:13:MX_GPIO_Init	48	static
../Core/Src/main.c:618:6:Error_Handler	4	static,ignoring_inline_asm
